// Jest Snapshot v1, https://goo.gl/fbAQLP

exports[`Text should render 1`] = `
<View
  style={Object {}}
>
  <Text
    style={
      Object {
        "color": "#000000",
        "fontSize": 16,
        "fontWeight": "500",
        "letterSpacing": -0.5,
        "lineHeight": 26,
        "textAlign": "left",
      }
    }
  />
</View>
`;
